Building DAG of jobs...
Job stats:
job                                count    min threads    max threads
-------------------------------  -------  -------------  -------------
all                                    1              1              1
merge_and_recalibrate_bam_files        5              1              1
total                                  6              1              1


[Tue Mar  7 22:13:43 2023]
Job 41: MERGING & RECALIBRATING - ind_2
Reason: Missing output files: data/raw_samples/merged_bam/ind_2.bam, data/raw_samples/recalibrated_bam/ind_2.bam, data/raw_samples/deduplicated_bam/ind_2.bam


        (picard MergeSamFiles I=data/raw_samples/sorted_bam/SRR11856245.bam I=data/raw_samples/sorted_bam/SRR11856259.bam I=data/raw_samples/sorted_bam/SRR11856379.bam I=data/raw_samples/sorted_bam/SRR11856275.bam O=data/raw_samples/merged_bam/ind_2_norg.bam TMP_DIR=tmp CREATE_INDEX=false) 2> logs/merge_and_recalibrate/ind_2_merge.err 1> logs/merge_and_recalibrate/ind_2_merge.log

        (picard AddOrReplaceReadGroups I=data/raw_samples/merged_bam/ind_2_norg.bam RGID=3 RGLB=lib3 RGSM=ind_2 RGPL=ILLUMINA RGPU=D00608:3:CB6LRANXX:103 O=data/raw_samples/merged_bam/ind_2.bam TMP_DIR=tmp CREATE_INDEX=true) 2> logs/merge_and_recalibrate/ind_2_replace_rg.err 1> logs/merge_and_recalibrate/ind_2_replace_rg.log

        (picard MarkDuplicates I=data/raw_samples/merged_bam/ind_2.bam O=data/raw_samples/deduplicated_bam/ind_2.bam M=data/raw_samples/deduplicated_bam/ind_2_dedup_metrics.txt CREATE_INDEX=true TMP_DIR=tmp) 2> logs/merge_and_recalibrate/ind_2_mark_dups.err 1> logs/merge_and_recalibrate/ind_2_mark_dups.log

        (gatk BaseRecalibrator -I data/raw_samples/deduplicated_bam/ind_2.bam -R resource/genome_files/Homo_sapiens_assembly38.fasta -O data/raw_samples/deduplicated_bam/ind_2_recal_data.table --tmp-dir tmp --known-sites resource/variants_files/1000G_omni2.5.hg38_chrRenamed.vcf.gz --known-sites resource/variants_files/dbsnp_138.hg38_chrRenamed.vcf.gz --known-sites resource/variants_files/1000G_phase1.snps.high_confidence.hg38_chrRenamed.vcf.gz --known-sites resource/variants_files/dbsnp_144.hg38_chrRenamed.vcf.gz --known-sites resource/variants_files/hapmap_3.3.hg38_chrRenamed.vcf.gz --known-sites resource/variants_files/Axiom_Exome_Plus.genotypes.all_populations.poly.hg38_chrRenamed.vcf.gz --known-sites resource/variants_files/dbsnp_146.hg38_chrRenamed.vcf.gz --known-sites resource/variants_files/Mills_and_1000G_gold_standard.indels.hg38_chrRenamed.vcf.gz --known-sites resource/variants_files/hapmap_3.3_grch38_pop_stratified_af_chrRenamed.vcf.gz) 2> logs/merge_and_recalibrate/ind_2_base_recalibrate.err 1> logs/merge_and_recalibrate/ind_2_base_recalibrate.log

        (gatk ApplyBQSR -R resource/genome_files/Homo_sapiens_assembly38.fasta -I data/raw_samples/deduplicated_bam/ind_2.bam -bqsr data/raw_samples/deduplicated_bam/ind_2_recal_data.table -O data/raw_samples/recalibrated_bam/ind_2.bam --tmp-dir tmp && samtools index data/raw_samples/recalibrated_bam/ind_2.bam) 2> logs/merge_and_recalibrate/ind_2_apply_recab.err 1> logs/merge_and_recalibrate/ind_2_apply_recab.log
        

[Tue Mar  7 22:13:43 2023]
Job 42: MERGING & RECALIBRATING - ind_3
Reason: Missing output files: data/raw_samples/merged_bam/ind_3.bam, data/raw_samples/deduplicated_bam/ind_3.bam, data/raw_samples/recalibrated_bam/ind_3.bam


        (picard MergeSamFiles I=data/raw_samples/sorted_bam/SRR11856199.bam I=data/raw_samples/sorted_bam/SRR11856404.bam I=data/raw_samples/sorted_bam/SRR11856269.bam I=data/raw_samples/sorted_bam/SRR11856266.bam O=data/raw_samples/merged_bam/ind_3_norg.bam TMP_DIR=tmp CREATE_INDEX=false) 2> logs/merge_and_recalibrate/ind_3_merge.err 1> logs/merge_and_recalibrate/ind_3_merge.log

        (picard AddOrReplaceReadGroups I=data/raw_samples/merged_bam/ind_3_norg.bam RGID=4 RGLB=lib4 RGSM=ind_3 RGPL=ILLUMINA RGPU=D00608:4:CB6LRANXX:104 O=data/raw_samples/merged_bam/ind_3.bam TMP_DIR=tmp CREATE_INDEX=true) 2> logs/merge_and_recalibrate/ind_3_replace_rg.err 1> logs/merge_and_recalibrate/ind_3_replace_rg.log

        (picard MarkDuplicates I=data/raw_samples/merged_bam/ind_3.bam O=data/raw_samples/deduplicated_bam/ind_3.bam M=data/raw_samples/deduplicated_bam/ind_3_dedup_metrics.txt CREATE_INDEX=true TMP_DIR=tmp) 2> logs/merge_and_recalibrate/ind_3_mark_dups.err 1> logs/merge_and_recalibrate/ind_3_mark_dups.log

        (gatk BaseRecalibrator -I data/raw_samples/deduplicated_bam/ind_3.bam -R resource/genome_files/Homo_sapiens_assembly38.fasta -O data/raw_samples/deduplicated_bam/ind_3_recal_data.table --tmp-dir tmp --known-sites resource/variants_files/1000G_omni2.5.hg38_chrRenamed.vcf.gz --known-sites resource/variants_files/dbsnp_138.hg38_chrRenamed.vcf.gz --known-sites resource/variants_files/1000G_phase1.snps.high_confidence.hg38_chrRenamed.vcf.gz --known-sites resource/variants_files/dbsnp_144.hg38_chrRenamed.vcf.gz --known-sites resource/variants_files/hapmap_3.3.hg38_chrRenamed.vcf.gz --known-sites resource/variants_files/Axiom_Exome_Plus.genotypes.all_populations.poly.hg38_chrRenamed.vcf.gz --known-sites resource/variants_files/dbsnp_146.hg38_chrRenamed.vcf.gz --known-sites resource/variants_files/Mills_and_1000G_gold_standard.indels.hg38_chrRenamed.vcf.gz --known-sites resource/variants_files/hapmap_3.3_grch38_pop_stratified_af_chrRenamed.vcf.gz) 2> logs/merge_and_recalibrate/ind_3_base_recalibrate.err 1> logs/merge_and_recalibrate/ind_3_base_recalibrate.log

        (gatk ApplyBQSR -R resource/genome_files/Homo_sapiens_assembly38.fasta -I data/raw_samples/deduplicated_bam/ind_3.bam -bqsr data/raw_samples/deduplicated_bam/ind_3_recal_data.table -O data/raw_samples/recalibrated_bam/ind_3.bam --tmp-dir tmp && samtools index data/raw_samples/recalibrated_bam/ind_3.bam) 2> logs/merge_and_recalibrate/ind_3_apply_recab.err 1> logs/merge_and_recalibrate/ind_3_apply_recab.log
        

[Tue Mar  7 22:13:43 2023]
Job 43: MERGING & RECALIBRATING - ind_4
Reason: Missing output files: data/raw_samples/merged_bam/ind_4.bam, data/raw_samples/recalibrated_bam/ind_4.bam, data/raw_samples/deduplicated_bam/ind_4.bam


        (picard MergeSamFiles I=data/raw_samples/sorted_bam/SRR11856235.bam I=data/raw_samples/sorted_bam/SRR11856409.bam I=data/raw_samples/sorted_bam/SRR11856439.bam O=data/raw_samples/merged_bam/ind_4_norg.bam TMP_DIR=tmp CREATE_INDEX=false) 2> logs/merge_and_recalibrate/ind_4_merge.err 1> logs/merge_and_recalibrate/ind_4_merge.log

        (picard AddOrReplaceReadGroups I=data/raw_samples/merged_bam/ind_4_norg.bam RGID=5 RGLB=lib5 RGSM=ind_4 RGPL=ILLUMINA RGPU=D00608:5:CB6LRANXX:105 O=data/raw_samples/merged_bam/ind_4.bam TMP_DIR=tmp CREATE_INDEX=true) 2> logs/merge_and_recalibrate/ind_4_replace_rg.err 1> logs/merge_and_recalibrate/ind_4_replace_rg.log

        (picard MarkDuplicates I=data/raw_samples/merged_bam/ind_4.bam O=data/raw_samples/deduplicated_bam/ind_4.bam M=data/raw_samples/deduplicated_bam/ind_4_dedup_metrics.txt CREATE_INDEX=true TMP_DIR=tmp) 2> logs/merge_and_recalibrate/ind_4_mark_dups.err 1> logs/merge_and_recalibrate/ind_4_mark_dups.log

        (gatk BaseRecalibrator -I data/raw_samples/deduplicated_bam/ind_4.bam -R resource/genome_files/Homo_sapiens_assembly38.fasta -O data/raw_samples/deduplicated_bam/ind_4_recal_data.table --tmp-dir tmp --known-sites resource/variants_files/1000G_omni2.5.hg38_chrRenamed.vcf.gz --known-sites resource/variants_files/dbsnp_138.hg38_chrRenamed.vcf.gz --known-sites resource/variants_files/1000G_phase1.snps.high_confidence.hg38_chrRenamed.vcf.gz --known-sites resource/variants_files/dbsnp_144.hg38_chrRenamed.vcf.gz --known-sites resource/variants_files/hapmap_3.3.hg38_chrRenamed.vcf.gz --known-sites resource/variants_files/Axiom_Exome_Plus.genotypes.all_populations.poly.hg38_chrRenamed.vcf.gz --known-sites resource/variants_files/dbsnp_146.hg38_chrRenamed.vcf.gz --known-sites resource/variants_files/Mills_and_1000G_gold_standard.indels.hg38_chrRenamed.vcf.gz --known-sites resource/variants_files/hapmap_3.3_grch38_pop_stratified_af_chrRenamed.vcf.gz) 2> logs/merge_and_recalibrate/ind_4_base_recalibrate.err 1> logs/merge_and_recalibrate/ind_4_base_recalibrate.log

        (gatk ApplyBQSR -R resource/genome_files/Homo_sapiens_assembly38.fasta -I data/raw_samples/deduplicated_bam/ind_4.bam -bqsr data/raw_samples/deduplicated_bam/ind_4_recal_data.table -O data/raw_samples/recalibrated_bam/ind_4.bam --tmp-dir tmp && samtools index data/raw_samples/recalibrated_bam/ind_4.bam) 2> logs/merge_and_recalibrate/ind_4_apply_recab.err 1> logs/merge_and_recalibrate/ind_4_apply_recab.log
        

[Tue Mar  7 22:13:43 2023]
Job 39: MERGING & RECALIBRATING - ind_0
Reason: Missing output files: data/raw_samples/deduplicated_bam/ind_0.bam, data/raw_samples/recalibrated_bam/ind_0.bam, data/raw_samples/merged_bam/ind_0.bam


        (picard MergeSamFiles I=data/raw_samples/sorted_bam/SRR11856372.bam I=data/raw_samples/sorted_bam/SRR11856305.bam I=data/raw_samples/sorted_bam/SRR11856407.bam I=data/raw_samples/sorted_bam/SRR11856288.bam O=data/raw_samples/merged_bam/ind_0_norg.bam TMP_DIR=tmp CREATE_INDEX=false) 2> logs/merge_and_recalibrate/ind_0_merge.err 1> logs/merge_and_recalibrate/ind_0_merge.log

        (picard AddOrReplaceReadGroups I=data/raw_samples/merged_bam/ind_0_norg.bam RGID=1 RGLB=lib1 RGSM=ind_0 RGPL=ILLUMINA RGPU=D00608:1:CB6LRANXX:101 O=data/raw_samples/merged_bam/ind_0.bam TMP_DIR=tmp CREATE_INDEX=true) 2> logs/merge_and_recalibrate/ind_0_replace_rg.err 1> logs/merge_and_recalibrate/ind_0_replace_rg.log

        (picard MarkDuplicates I=data/raw_samples/merged_bam/ind_0.bam O=data/raw_samples/deduplicated_bam/ind_0.bam M=data/raw_samples/deduplicated_bam/ind_0_dedup_metrics.txt CREATE_INDEX=true TMP_DIR=tmp) 2> logs/merge_and_recalibrate/ind_0_mark_dups.err 1> logs/merge_and_recalibrate/ind_0_mark_dups.log

        (gatk BaseRecalibrator -I data/raw_samples/deduplicated_bam/ind_0.bam -R resource/genome_files/Homo_sapiens_assembly38.fasta -O data/raw_samples/deduplicated_bam/ind_0_recal_data.table --tmp-dir tmp --known-sites resource/variants_files/1000G_omni2.5.hg38_chrRenamed.vcf.gz --known-sites resource/variants_files/dbsnp_138.hg38_chrRenamed.vcf.gz --known-sites resource/variants_files/1000G_phase1.snps.high_confidence.hg38_chrRenamed.vcf.gz --known-sites resource/variants_files/dbsnp_144.hg38_chrRenamed.vcf.gz --known-sites resource/variants_files/hapmap_3.3.hg38_chrRenamed.vcf.gz --known-sites resource/variants_files/Axiom_Exome_Plus.genotypes.all_populations.poly.hg38_chrRenamed.vcf.gz --known-sites resource/variants_files/dbsnp_146.hg38_chrRenamed.vcf.gz --known-sites resource/variants_files/Mills_and_1000G_gold_standard.indels.hg38_chrRenamed.vcf.gz --known-sites resource/variants_files/hapmap_3.3_grch38_pop_stratified_af_chrRenamed.vcf.gz) 2> logs/merge_and_recalibrate/ind_0_base_recalibrate.err 1> logs/merge_and_recalibrate/ind_0_base_recalibrate.log

        (gatk ApplyBQSR -R resource/genome_files/Homo_sapiens_assembly38.fasta -I data/raw_samples/deduplicated_bam/ind_0.bam -bqsr data/raw_samples/deduplicated_bam/ind_0_recal_data.table -O data/raw_samples/recalibrated_bam/ind_0.bam --tmp-dir tmp && samtools index data/raw_samples/recalibrated_bam/ind_0.bam) 2> logs/merge_and_recalibrate/ind_0_apply_recab.err 1> logs/merge_and_recalibrate/ind_0_apply_recab.log
        

[Tue Mar  7 22:13:43 2023]
Job 40: MERGING & RECALIBRATING - ind_1
Reason: Missing output files: data/raw_samples/merged_bam/ind_1.bam, data/raw_samples/deduplicated_bam/ind_1.bam, data/raw_samples/recalibrated_bam/ind_1.bam


        (picard MergeSamFiles I=data/raw_samples/sorted_bam/SRR11856200.bam I=data/raw_samples/sorted_bam/SRR11856309.bam I=data/raw_samples/sorted_bam/SRR11856198.bam I=data/raw_samples/sorted_bam/SRR11856364.bam O=data/raw_samples/merged_bam/ind_1_norg.bam TMP_DIR=tmp CREATE_INDEX=false) 2> logs/merge_and_recalibrate/ind_1_merge.err 1> logs/merge_and_recalibrate/ind_1_merge.log

        (picard AddOrReplaceReadGroups I=data/raw_samples/merged_bam/ind_1_norg.bam RGID=2 RGLB=lib2 RGSM=ind_1 RGPL=ILLUMINA RGPU=D00608:2:CB6LRANXX:102 O=data/raw_samples/merged_bam/ind_1.bam TMP_DIR=tmp CREATE_INDEX=true) 2> logs/merge_and_recalibrate/ind_1_replace_rg.err 1> logs/merge_and_recalibrate/ind_1_replace_rg.log

        (picard MarkDuplicates I=data/raw_samples/merged_bam/ind_1.bam O=data/raw_samples/deduplicated_bam/ind_1.bam M=data/raw_samples/deduplicated_bam/ind_1_dedup_metrics.txt CREATE_INDEX=true TMP_DIR=tmp) 2> logs/merge_and_recalibrate/ind_1_mark_dups.err 1> logs/merge_and_recalibrate/ind_1_mark_dups.log

        (gatk BaseRecalibrator -I data/raw_samples/deduplicated_bam/ind_1.bam -R resource/genome_files/Homo_sapiens_assembly38.fasta -O data/raw_samples/deduplicated_bam/ind_1_recal_data.table --tmp-dir tmp --known-sites resource/variants_files/1000G_omni2.5.hg38_chrRenamed.vcf.gz --known-sites resource/variants_files/dbsnp_138.hg38_chrRenamed.vcf.gz --known-sites resource/variants_files/1000G_phase1.snps.high_confidence.hg38_chrRenamed.vcf.gz --known-sites resource/variants_files/dbsnp_144.hg38_chrRenamed.vcf.gz --known-sites resource/variants_files/hapmap_3.3.hg38_chrRenamed.vcf.gz --known-sites resource/variants_files/Axiom_Exome_Plus.genotypes.all_populations.poly.hg38_chrRenamed.vcf.gz --known-sites resource/variants_files/dbsnp_146.hg38_chrRenamed.vcf.gz --known-sites resource/variants_files/Mills_and_1000G_gold_standard.indels.hg38_chrRenamed.vcf.gz --known-sites resource/variants_files/hapmap_3.3_grch38_pop_stratified_af_chrRenamed.vcf.gz) 2> logs/merge_and_recalibrate/ind_1_base_recalibrate.err 1> logs/merge_and_recalibrate/ind_1_base_recalibrate.log

        (gatk ApplyBQSR -R resource/genome_files/Homo_sapiens_assembly38.fasta -I data/raw_samples/deduplicated_bam/ind_1.bam -bqsr data/raw_samples/deduplicated_bam/ind_1_recal_data.table -O data/raw_samples/recalibrated_bam/ind_1.bam --tmp-dir tmp && samtools index data/raw_samples/recalibrated_bam/ind_1.bam) 2> logs/merge_and_recalibrate/ind_1_apply_recab.err 1> logs/merge_and_recalibrate/ind_1_apply_recab.log
        

[Tue Mar  7 22:13:43 2023]
localrule all:
    input: data/raw_samples/sam_files/SRR11856372.sam, data/raw_samples/sam_files/SRR11856305.sam, data/raw_samples/sam_files/SRR11856407.sam, data/raw_samples/sam_files/SRR11856288.sam, data/raw_samples/sam_files/SRR11856200.sam, data/raw_samples/sam_files/SRR11856309.sam, data/raw_samples/sam_files/SRR11856198.sam, data/raw_samples/sam_files/SRR11856364.sam, data/raw_samples/sam_files/SRR11856245.sam, data/raw_samples/sam_files/SRR11856259.sam, data/raw_samples/sam_files/SRR11856379.sam, data/raw_samples/sam_files/SRR11856275.sam, data/raw_samples/sam_files/SRR11856199.sam, data/raw_samples/sam_files/SRR11856404.sam, data/raw_samples/sam_files/SRR11856269.sam, data/raw_samples/sam_files/SRR11856266.sam, data/raw_samples/sam_files/SRR11856235.sam, data/raw_samples/sam_files/SRR11856409.sam, data/raw_samples/sam_files/SRR11856439.sam, data/raw_samples/sorted_bam/SRR11856372.bam, data/raw_samples/sorted_bam/SRR11856305.bam, data/raw_samples/sorted_bam/SRR11856407.bam, data/raw_samples/sorted_bam/SRR11856288.bam, data/raw_samples/sorted_bam/SRR11856200.bam, data/raw_samples/sorted_bam/SRR11856309.bam, data/raw_samples/sorted_bam/SRR11856198.bam, data/raw_samples/sorted_bam/SRR11856364.bam, data/raw_samples/sorted_bam/SRR11856245.bam, data/raw_samples/sorted_bam/SRR11856259.bam, data/raw_samples/sorted_bam/SRR11856379.bam, data/raw_samples/sorted_bam/SRR11856275.bam, data/raw_samples/sorted_bam/SRR11856199.bam, data/raw_samples/sorted_bam/SRR11856404.bam, data/raw_samples/sorted_bam/SRR11856269.bam, data/raw_samples/sorted_bam/SRR11856266.bam, data/raw_samples/sorted_bam/SRR11856235.bam, data/raw_samples/sorted_bam/SRR11856409.bam, data/raw_samples/sorted_bam/SRR11856439.bam, data/raw_samples/merged_bam/ind_0.bam, data/raw_samples/merged_bam/ind_1.bam, data/raw_samples/merged_bam/ind_2.bam, data/raw_samples/merged_bam/ind_3.bam, data/raw_samples/merged_bam/ind_4.bam, data/raw_samples/deduplicated_bam/ind_0.bam, data/raw_samples/deduplicated_bam/ind_1.bam, data/raw_samples/deduplicated_bam/ind_2.bam, data/raw_samples/deduplicated_bam/ind_3.bam, data/raw_samples/deduplicated_bam/ind_4.bam, data/raw_samples/recalibrated_bam/ind_0.bam, data/raw_samples/recalibrated_bam/ind_1.bam, data/raw_samples/recalibrated_bam/ind_2.bam, data/raw_samples/recalibrated_bam/ind_3.bam, data/raw_samples/recalibrated_bam/ind_4.bam
    jobid: 0
    reason: Input files updated by another job: data/raw_samples/deduplicated_bam/ind_4.bam, data/raw_samples/merged_bam/ind_1.bam, data/raw_samples/deduplicated_bam/ind_0.bam, data/raw_samples/recalibrated_bam/ind_4.bam, data/raw_samples/recalibrated_bam/ind_1.bam, data/raw_samples/merged_bam/ind_2.bam, data/raw_samples/deduplicated_bam/ind_1.bam, data/raw_samples/merged_bam/ind_0.bam, data/raw_samples/deduplicated_bam/ind_3.bam, data/raw_samples/recalibrated_bam/ind_3.bam, data/raw_samples/merged_bam/ind_3.bam, data/raw_samples/merged_bam/ind_4.bam, data/raw_samples/recalibrated_bam/ind_2.bam, data/raw_samples/recalibrated_bam/ind_0.bam, data/raw_samples/deduplicated_bam/ind_2.bam
    resources: mem_mb=8000, mem_mib=7630, disk_mb=<TBD>, tmpdir=/scratch/midway3/temi, partition=caslake, time=36:00:00, account=pi-haky

Job stats:
job                                count    min threads    max threads
-------------------------------  -------  -------------  -------------
all                                    1              1              1
merge_and_recalibrate_bam_files        5              1              1
total                                  6              1              1

Reasons:
    (check individual jobs above for details)
    input files updated by another job:
        all
    missing output files:
        merge_and_recalibrate_bam_files

This was a dry-run (flag -n). The order of jobs does not reflect the order of execution.
