Lints for snakefile /home/temi/Dropbox/phd_journey/lab-work/lab-stuff/variant-calling/snakemake_pipeline/Snakefile:
    * Absolute path "/home/temi/software/sratoolkit.3.0.0-ubuntu64/bin/prefetch" in line 5:
      Do not define absolute paths inside of the workflow, since this renders your workflow irreproducible on other machines. Use path relative to the working
      directory instead, or make the path configurable via a config file.
      Also see:
      https://snakemake.readthedocs.io/en/latest/snakefiles/configuration.html#configuration
    * Mixed rules and functions in same snakefile.:
      Small one-liner functions used only once should be defined as lambda expressions. Other functions should be collected in a common module, e.g.
      'rules/common.smk'. This makes the workflow steps more readable.
      Also see:
      https://snakemake.readthedocs.io/en/latest/snakefiles/modularization.html#includes

Lints for rule trim_fastq_single (line 200, /home/temi/Dropbox/phd_journey/lab-work/lab-stuff/variant-calling/snakemake_pipeline/Snakefile):
    * Specify a conda environment or container for each rule.:
      This way, the used software for each specific step is documented, and the workflow can be executed on any machine without prerequisites.
      Also see:
      https://snakemake.readthedocs.io/en/latest/snakefiles/deployment.html#integrated-package-management
      https://snakemake.readthedocs.io/en/latest/snakefiles/deployment.html#running-jobs-in-containers

Lints for rule trim_fastq_paired (line 236, /home/temi/Dropbox/phd_journey/lab-work/lab-stuff/variant-calling/snakemake_pipeline/Snakefile):
    * Specify a conda environment or container for each rule.:
      This way, the used software for each specific step is documented, and the workflow can be executed on any machine without prerequisites.
      Also see:
      https://snakemake.readthedocs.io/en/latest/snakefiles/deployment.html#integrated-package-management
      https://snakemake.readthedocs.io/en/latest/snakefiles/deployment.html#running-jobs-in-containers

Lints for rule bwa_align_single (line 275, /home/temi/Dropbox/phd_journey/lab-work/lab-stuff/variant-calling/snakemake_pipeline/Snakefile):
    * Specify a conda environment or container for each rule.:
      This way, the used software for each specific step is documented, and the workflow can be executed on any machine without prerequisites.
      Also see:
      https://snakemake.readthedocs.io/en/latest/snakefiles/deployment.html#integrated-package-management
      https://snakemake.readthedocs.io/en/latest/snakefiles/deployment.html#running-jobs-in-containers

Lints for rule bwa_align_paired (line 318, /home/temi/Dropbox/phd_journey/lab-work/lab-stuff/variant-calling/snakemake_pipeline/Snakefile):
    * Specify a conda environment or container for each rule.:
      This way, the used software for each specific step is documented, and the workflow can be executed on any machine without prerequisites.
      Also see:
      https://snakemake.readthedocs.io/en/latest/snakefiles/deployment.html#integrated-package-management
      https://snakemake.readthedocs.io/en/latest/snakefiles/deployment.html#running-jobs-in-containers

Lints for rule merge_and_recalibrate_bam_files (line 362, /home/temi/Dropbox/phd_journey/lab-work/lab-stuff/variant-calling/snakemake_pipeline/Snakefile):
    * Specify a conda environment or container for each rule.:
      This way, the used software for each specific step is documented, and the workflow can be executed on any machine without prerequisites.
      Also see:
      https://snakemake.readthedocs.io/en/latest/snakefiles/deployment.html#integrated-package-management
      https://snakemake.readthedocs.io/en/latest/snakefiles/deployment.html#running-jobs-in-containers

Lints for rule call_haplotypes (line 431, /home/temi/Dropbox/phd_journey/lab-work/lab-stuff/variant-calling/snakemake_pipeline/Snakefile):
    * Specify a conda environment or container for each rule.:
      This way, the used software for each specific step is documented, and the workflow can be executed on any machine without prerequisites.
      Also see:
      https://snakemake.readthedocs.io/en/latest/snakefiles/deployment.html#integrated-package-management
      https://snakemake.readthedocs.io/en/latest/snakefiles/deployment.html#running-jobs-in-containers

Lints for rule create_variants_DB (line 473, /home/temi/Dropbox/phd_journey/lab-work/lab-stuff/variant-calling/snakemake_pipeline/Snakefile):
    * Specify a conda environment or container for each rule.:
      This way, the used software for each specific step is documented, and the workflow can be executed on any machine without prerequisites.
      Also see:
      https://snakemake.readthedocs.io/en/latest/snakefiles/deployment.html#integrated-package-management
      https://snakemake.readthedocs.io/en/latest/snakefiles/deployment.html#running-jobs-in-containers

Lints for rule genotype_gvcfs (line 513, /home/temi/Dropbox/phd_journey/lab-work/lab-stuff/variant-calling/snakemake_pipeline/Snakefile):
    * Specify a conda environment or container for each rule.:
      This way, the used software for each specific step is documented, and the workflow can be executed on any machine without prerequisites.
      Also see:
      https://snakemake.readthedocs.io/en/latest/snakefiles/deployment.html#integrated-package-management
      https://snakemake.readthedocs.io/en/latest/snakefiles/deployment.html#running-jobs-in-containers

Lints for rule phase_vcfs (line 551, /home/temi/Dropbox/phd_journey/lab-work/lab-stuff/variant-calling/snakemake_pipeline/Snakefile):
    * Specify a conda environment or container for each rule.:
      This way, the used software for each specific step is documented, and the workflow can be executed on any machine without prerequisites.
      Also see:
      https://snakemake.readthedocs.io/en/latest/snakefiles/deployment.html#integrated-package-management
      https://snakemake.readthedocs.io/en/latest/snakefiles/deployment.html#running-jobs-in-containers
    * Shell command directly uses variable gmap_dir from outside of the rule:
      It is recommended to pass all files as input and output, and non-file parameters via the params directive. Otherwise, provenance tracking is less accurate.
      Also see:
      https://snakemake.readthedocs.io/en/stable/snakefiles/rules.html#non-file-parameters-for-rules

Lints for rule gather_vcfs (line 587, /home/temi/Dropbox/phd_journey/lab-work/lab-stuff/variant-calling/snakemake_pipeline/Snakefile):
    * Specify a conda environment or container for each rule.:
      This way, the used software for each specific step is documented, and the workflow can be executed on any machine without prerequisites.
      Also see:
      https://snakemake.readthedocs.io/en/latest/snakefiles/deployment.html#integrated-package-management
      https://snakemake.readthedocs.io/en/latest/snakefiles/deployment.html#running-jobs-in-containers

